✔ bottom dock keeps name entry, intermediate and complete guidance together and retains author and retry snapshot (2378.703542ms)
✔ arbitrary HTML characters stay literal in header and return-to-book guidance (850.921416ms)
✔ invalid boot and malformed data remain blocked; view retains search and forbids output (645.503666ms)
✔ unreadable or malformed candidate ownership blocks older-file fallback (1.693542ms)
✔ only structurally valid JSON with a known foreign identity is ignored (0.269083ms)
✔ databaseId length 0 cannot be classified as foreign (0.235875ms)
✔ databaseId length 7 cannot be classified as foreign (0.093834ms)
✔ databaseId length 101 cannot be classified as foreign (0.12625ms)
✔ sessionId length 0 cannot be classified as foreign (0.428583ms)
✔ sessionId length 7 cannot be classified as foreign (0.125125ms)
✔ sessionId length 101 cannot be classified as foreign (0.122542ms)
✔ candidate scanning stops on unknown ownership before returning any best path (0.380542ms)
✔ manual selection cannot bypass a broken scanned candidate (0.301833ms)
✔ candidate validation checks full current-session envelope before yielding metadata (0.218417ms)
✔ first use is distinct from every valid saved JSON value (1.752625ms)
✔ boot metadata and protocol mismatch fail closed (0.160959ms)
✔ ready and asynchronous load complete before exporting (13.136833ms)
✔ assertEditable allows standalone and only the linked editing phase (1.104083ms)
✔ exportData may commit inputs, then snapshot freezes changes through download and restores on failure (1.126167ms)
✔ late browser restoration finishes before official payload replaces it, including saved empty data (0.352833ms)
✔ load failure and read-only failure do not expose editable state (0.42725ms)
✔ read-only is applied before asynchronous load and export is forbidden (0.2485ms)
✔ exceptions, cancellation, validation and download failures keep sequence and editor state (0.572667ms)
✔ snapshots detach data, retries reuse identical bytes and parent chain advances once (0.679917ms)
✔ concurrent export clicks cannot fork a sequence (0.143458ms)
✔ non-JSON data, cycles, oversized UTF-8 and dangerous filename characters (28.783875ms)
✔ CSV acceptance uses explicit CSV checks and does not demand workbook saving or edit locks (20.26325ms)
✔ source modes isolate receipts even for identical engine, workbook and app hashes (1.307375ms)
✔ every CSV-specific check is required, and a later failure supersedes previous passing evidence (19.257625ms)
✔ CSV site receipt binds the separately tested CSV source and requires its current absolute path (2.032958ms)
✔ CSV requirements versions remain independently enforceable and invalid modes fail closed (1.168084ms)
✔ record/status require a current CSV source for commissioning without modifying live workbook or source data (306.688208ms)
✔ CSV source configuration defaults to viewing without authors and rejects incompatible modes and reserved source assets (24.236458ms)
✔ packaged CSV transport is ordered before business code, immutable, empty at rest and mode-specific in identity (331.234417ms)
✔ release builder rejects workbook-mode evidence even when receipt byte identities are the exact CSV candidate (67.705ms)
✔ CSV evidence normalizes the supported native local/UNC input cases (11.716875ms)
✔ local CSV evidence is accepted only for the tested absolute source path (3.369166ms)
✔ CSV view hides all save controls while loading, shows escaped source metadata, preserves binary files and blocks direct export (1439.262542ms)
✔ empty snapshot renders data-none and malformed/missing source blocks initialization without save UI (1253.932291ms)
✔ CSV mode is explicitly view-only, without a workbook payload, while existing contexts default to workbook (1.010042ms)
✔ UTF-8 BOM, Shift_JIS, every byte, Japanese names and empty files arrive unchanged as native Files (6.511ms)
✔ source bytes are detached from the launch manifest and metadata cannot be changed (0.193458ms)
✔ empty folder is a successful empty snapshot, not first-use workbook data (0.13075ms)
✔ read-only and readiness finish before one asynchronous source load, with exports blocked throughout (3.689209ms)
✔ missing source, malformed base64, inconsistent sizes, unsafe/duplicate names and limits fail before app initialization (1.719916ms)
✔ CSV transport is separate from the 10MiB workbook JSON payload limit (47.505417ms)
✔ missing callbacks, read-only failures and canceled/failed parsing remain blocked (0.329833ms)
✔ optional dataSource defaults only for absent key, and initialized mode is bound to metadata (0.853833ms)
✔ CSV initial setup obtains an absolute text path before mutating workbook; cancellation leaves setup untouched (0.294166ms)
✔ CSV launches use canonical readonly view with no payload or session writes and explicit Edge (0.266125ms)
✔ CSV panel excludes edit, save and history and opens/closes without stale session recovery (0.211583ms)
✔ direct edits, imports, restore and internal persistence are blocked in CSV mode (0.425834ms)
✔ reader bounds raw CSV files, enumerates only direct children and rechecks complete snapshot before publishing (0.260667ms)
✔ source bytes are binary readonly and base64 has bounded chunks, with separate runtime cleanup (0.264834ms)
✔ file URLs preserve Japanese, spaces, #, %, drive and UNC paths without interpreting them (1039.6735ms)
✔ only the intended window/token may receive a port; context waits for document challenge acknowledgement (2.985875ms)
✔ child ignores another parent, token, challenge and replayed context, and waits for visible acknowledgement (11.62975ms)
✔ direct VBA skips asset copies but retains data validation and durable session save before browser launch (2.610833ms)
✔ two simultaneous launchers retain distinct sessions and exact file-download envelopes (1457.162541ms)
✔ reload hides the child, refuses session reuse and never reports a second usable startup (742.080208ms)
✔ normal direct launch shows the app and preserves images without timing UI or diagnostic files (532.554375ms)
✔ inline launcher preserves HTML-like business JSON without executing or truncating it (510.831292ms)
✔ engine/app acceptance permits distribution while commissioning remains separate (12.618834ms)
✔ common changes invalidate all tiers; app changes reuse common evidence; versions must match exactly (0.36325ms)
✔ browser-only, one-PC common, incomplete checks, stale master and later failures cannot pass target acceptance (11.773ms)
✔ engine receipt is reusable for a second application without repeating common tests (0.4535ms)
✔ commissioning appends only receipts and accepts an initialized workbook without rehashing live data (91.068416ms)
✔ changed acceptance requirements invalidate the affected evidence independently of file hashes (0.445916ms)
✔ all reported PCs must explicitly use the target versions and heterogeneous software cannot pass (0.329167ms)
✔ UNC identity normalizes Windows case and aliases while local recorder paths remain local (0.262ms)
✔ missing evidence and unset default versions remain visibly pending (2.101875ms)
✔ receipt binds every current identity field and only a ready notification is accepted (985.7055ms)
✔ onTime: real local receipt controls the close guidance; failed notifications stay waiting (4695.763667ms)
✔ waitLoop: real local receipt controls the close guidance; failed notifications stay waiting (3865.905375ms)
✔ slow preparation offers one-action retry using identical output and no false readiness (639.021292ms)
✔ manual guidance needs no download confirmation and keeps Edge open until workbook save (489.192792ms)
✔ all three modes keep every transition at the bottom and reserve a scrollable business viewport (8010.2215ms)
✔ AI prepare snapshots exact source, derives title/ID and refuses duplicate or unfinished packaging (62.94275ms)
✔ updates retain app identity and archive adaptation/receipts, without touching source or operational data (44.711959ms)
✔ real browser verification honors no-author config but cannot pass without all business checks (4358.008625ms)
✔ prepared names cannot traverse paths and unresolved assets are reported (2.121792ms)
✔ browser receipts cannot approve changed source, tests or recipe (22.920167ms)
✔ ZIP keeps Japanese filenames and empty internal folders; rejects overwriting destination (38.393417ms)
✔ operator effort requires actual counts; missing measurements never become zero (3.948333ms)
✔ source configuration is minimal and assets are collected without a handwritten file list (35.865042ms)
✔ an unverified build cannot create a normal distribution folder (60.546625ms)
✔ starter preserves original files and unfinished adapters cannot be packaged (10.281084ms)
✔ distribution rejects traversal, aliases, collisions and incompatible runtime versions (0.426334ms)
✔ nested entry and assets preserve relative paths, and rebuild cannot overwrite a deployment (317.822625ms)
✔ identity follows semantic settings and runtime assets, and excludes operator documents (77.917292ms)
✔ repeat setup routes to settings before storage initialization (1.44075ms)
✔ settings validate idle state and matching schema before mutation, and restore failed changes (0.21275ms)
✔ primary panel uses one bound action and fixed anchor across current-state transitions (0.303833ms)
✔ Windows filename rules preserve the visible name, long Unicode and optional color (4.636041ms)
✔ ordinary integration generates arbitrary names, rechecks renamed HTML, keeps ID and user overrides (425.90725ms)
✔ generated native book has literal saved titles, local button, constant names and identical VBA (855.368375ms)
{"recordedAt":"2026-09-30T15:37:29.543Z","node":"v25.2.1","scope":"Pure JavaScript candidate controller; injected download failures; no JUST Calc/VBA or shared-PC acceptance","candidateMatchesWorkingSource":true,"checkedFiles":[{"path":"/Users/tama2025mini/work/エクセルゲート/MVP9th-exit-study/shared/excel-gate.js","sha256":"1e742b5f7f534e730d6fc8e4be90d9e433072b3f3cee1d38e1ca7a96091ea264"},{"path":"/var/folders/y_/fnmfmm0x5gj3_43jsy4518180000gn/T/excel-gate-core-candidates-wZalum/community-care/runtime/excel-gate.js","sha256":"1e742b5f7f534e730d6fc8e4be90d9e433072b3f3cee1d38e1ca7a96091ea264"},{"path":"/var/folders/y_/fnmfmm0x5gj3_43jsy4518180000gn/T/excel-gate-core-candidates-wZalum/handoff-notes/runtime/excel-gate.js","sha256":"1e742b5f7f534e730d6fc8e4be90d9e433072b3f3cee1d38e1ca7a96091ea264"},{"path":"/Users/tama2025mini/work/エクセルゲート/MVP9th-exit-study/shared/excel-gate-core.js","sha256":"ec5e1064f540d167aa8219af66b93428489d4baece4f5ef14ccf958fe6f1f702"},{"path":"/var/folders/y_/fnmfmm0x5gj3_43jsy4518180000gn/T/excel-gate-core-candidates-wZalum/community-care/runtime/excel-gate-core.js","sha256":"ec5e1064f540d167aa8219af66b93428489d4baece4f5ef14ccf958fe6f1f702"},{"path":"/var/folders/y_/fnmfmm0x5gj3_43jsy4518180000gn/T/excel-gate-core-candidates-wZalum/handoff-notes/runtime/excel-gate-core.js","sha256":"ec5e1064f540d167aa8219af66b93428489d4baece4f5ef14ccf958fe6f1f702"}]}
✔ candidate controller: failed replay after completion cannot reopen editing or replace the finalized snapshot (389.718333ms)
✔ candidate controller: failed next download keeps the previous replay and resumes its parent chain exactly once (0.733333ms)
✔ candidate controller: full UTF-8 file accepts exactly 10 MiB and rejects one byte more before download (95.950167ms)
✔ first-use storage requires consistent zero revision, length, CRC and data rows (0.742042ms)
✔ stored counts, lengths, revisions and indexes reject coercion and overflow (0.180208ms)
✔ stored payload verifies row extent, chunk lengths, total length and CRC (0.064708ms)
✔ Mac paste sources match reviewed VBA and exclude the character corrupted during assembly (16.126625ms)
✔ VBA import files are strict CP932 copies and string literals close (5.45975ms)
✔ PREPARED never overwrites the committed data or advances revision (0.281167ms)
✔ final save failure restores payload, metadata and history; cleanup follows persistence (0.169542ms)
✔ resume precedes old-session rejection and is canonical/write checked (0.238583ms)
✔ panel prioritizes PREPARED over success and only generic config appears in shared VBA (0.907666ms)
✔ old, foreign, duplicate and branch outputs remain rejected by the common importer (0.264709ms)
✔ history strings are stored as text before writing user-provided author names (0.152125ms)
✔ save commands enforce kind before both new commits and prepared retries (0.164ms)
✔ successful final save closes only this workbook and resets close approval on failure (0.264ms)
✔ timers belong only to the optional receiver; first-use panel exposes setup (0.848708ms)
✔ automatic readiness requires a staged and reread chain without a formal commit (0.262625ms)
✔ optional receivers cancel their own timer and defer intermediate save until the loop returns (0.228917ms)
✔ staged recovery copies survive failed saving and cleanup follows durable completion (0.198667ms)
✔ native source verifier rejects altered, extra and missing modules even with Python optimization (77.935666ms)
ℹ tests 117
ℹ suites 0
ℹ pass 117
ℹ fail 0
ℹ cancelled 0
ℹ skipped 0
ℹ todo 0
ℹ duration_ms 18938.608625
