✔ valid six-month CSV preserves original calculations, all category tabs and month selection (2492.1765ms)
✔ legacy nursing and master CSV sets retain original aggregation on synthetic rows (413.155458ms)
✔ reopening a fresh snapshot reflects file updates; UTF-8 and Shift_JIS produce identical values (646.10975ms)
✔ empty, unsupported and incomplete CSV show explicit missing data without demo or fabricated values (848.686666ms)
✔ recognized malformed CSV is rejected atomically with its file name (1202.864833ms)
✔ legacy duplicate revision selection is order-independent and tied revisions stop (810.797875ms)
✔ source metadata stays text and empty layouts fit a small screen (298.47075ms)
✔ read-only presentation keeps navigation and has no file picker, demo or saving UI (240.48925ms)
✔ browser storage is not used and dropping files cannot replace workbook source (193.786333ms)
✔ async source loading never flashes demo data and rejects export while pending (203.076958ms)
✔ zero observations remain zero; failed saves and external calls cannot mutate the snapshot (452.134417ms)
✔ integration starts from an empty edit session and original read-only screen (493.963458ms)
✔ invalid launch context blocks data export (200.339291ms)
ℹ tests 13
ℹ suites 0
ℹ pass 13
ℹ fail 0
ℹ cancelled 0
ℹ skipped 0
ℹ todo 0
ℹ duration_ms 9152.362833
