✔ valid six-month CSV preserves original calculations, all category tabs and month selection (3924.838584ms)
✔ legacy nursing and master CSV sets retain original aggregation on synthetic rows (689.121958ms)
✔ reopening a fresh snapshot reflects file updates; UTF-8 and Shift_JIS produce identical values (820.3975ms)
✔ empty, unsupported and incomplete CSV show explicit missing data without demo or fabricated values (1487.298666ms)
✔ recognized malformed CSV is rejected atomically with its file name (1926.11125ms)
✔ legacy duplicate revision selection is order-independent and tied revisions stop (889.798042ms)
✔ source metadata stays text and empty layouts fit a small screen (363.662208ms)
✔ read-only presentation keeps navigation and has no file picker, demo or saving UI (241.72025ms)
✔ browser storage is not used and dropping files cannot replace workbook source (205.210291ms)
✔ async source loading never flashes demo data and rejects export while pending (219.933ms)
✔ zero observations remain zero; failed saves and external calls cannot mutate the snapshot (503.554791ms)
✔ integration starts from an empty edit session and original read-only screen (544.446375ms)
✔ invalid launch context blocks data export (375.68ms)
ℹ tests 13
ℹ suites 0
ℹ pass 13
ℹ fail 0
ℹ cancelled 0
ℹ skipped 0
ℹ todo 0
ℹ duration_ms 12861.164167
