✔ valid six-month CSV preserves original calculations, all category tabs and month selection (3913.653459ms)
✔ legacy nursing and master CSV sets retain original aggregation on synthetic rows (707.590083ms)
✔ reopening a fresh snapshot reflects file updates; UTF-8 and Shift_JIS produce identical values (1013.968583ms)
✔ empty, unsupported and incomplete CSV show explicit missing data without demo or fabricated values (1588.27325ms)
✔ recognized malformed CSV is rejected atomically with its file name (2298.116833ms)
✔ legacy duplicate revision selection is order-independent and tied revisions stop (1092.444917ms)
✔ source metadata stays text and empty layouts fit a small screen (388.67375ms)
✔ read-only presentation keeps navigation and has no file picker, demo or saving UI (310.379666ms)
✔ browser storage is not used and dropping files cannot replace workbook source (292.166542ms)
✔ async source loading never flashes demo data and rejects export while pending (253.188708ms)
✔ zero observations remain zero; failed saves and external calls cannot mutate the snapshot (627.928375ms)
✔ integration starts from an empty edit session and original read-only screen (702.886709ms)
✔ invalid launch context blocks data export (361.548166ms)
ℹ tests 13
ℹ suites 0
ℹ pass 13
ℹ fail 0
ℹ cancelled 0
ℹ skipped 0
ℹ todo 0
ℹ duration_ms 14263.700625
