✔ valid six-month CSV preserves original calculations, all category tabs and month selection (2075.84425ms)
✔ legacy nursing and master CSV sets retain original aggregation on synthetic rows (816.940959ms)
✔ reopening a fresh snapshot reflects file updates; UTF-8 and Shift_JIS produce identical values (1279.494542ms)
✔ empty, unsupported and incomplete CSV show explicit missing data without demo or fabricated values (1634.522583ms)
✔ recognized malformed CSV is rejected atomically with its file name (2397.343583ms)
✔ legacy duplicate revision selection is order-independent and tied revisions stop (1453.671125ms)
✔ source metadata stays text and empty layouts fit a small screen (484.773667ms)
✔ read-only presentation keeps navigation and has no file picker, demo or saving UI (379.908917ms)
✔ browser storage is not used and dropping files cannot replace workbook source (338.131208ms)
✔ async source loading never flashes demo data and rejects export while pending (379.21525ms)
✔ zero observations remain zero; failed saves and external calls cannot mutate the snapshot (781.319584ms)
✔ integration starts from an empty edit session and original read-only screen (717.926375ms)
✔ invalid launch context blocks data export (388.941375ms)
ℹ tests 13
ℹ suites 0
ℹ pass 13
ℹ fail 0
ℹ cancelled 0
ℹ skipped 0
ℹ todo 0
ℹ duration_ms 13806.521875
