✔ valid six-month CSV preserves original calculations, all category tabs and month selection (2939.981833ms)
✔ legacy nursing and master CSV sets retain original aggregation on synthetic rows (446.379292ms)
✔ reopening a fresh snapshot reflects file updates; UTF-8 and Shift_JIS produce identical values (726.882708ms)
✔ empty, unsupported and incomplete CSV show explicit missing data without demo or fabricated values (1041.258583ms)
✔ recognized malformed CSV is rejected atomically with its file name (1806.922792ms)
✔ legacy duplicate revision selection is order-independent and tied revisions stop (865.185333ms)
✔ source metadata stays text and empty layouts fit a small screen (321.945333ms)
✔ read-only presentation keeps navigation and has no file picker, demo or saving UI (285.061167ms)
✔ browser storage is not used and dropping files cannot replace workbook source (199.863375ms)
✔ async source loading never flashes demo data and rejects export while pending (225.301875ms)
✔ zero observations remain zero; failed saves and external calls cannot mutate the snapshot (460.44725ms)
✔ integration starts from an empty edit session and original read-only screen (479.224709ms)
✔ invalid launch context blocks data export (227.395625ms)
ℹ tests 13
ℹ suites 0
ℹ pass 13
ℹ fail 0
ℹ cancelled 0
ℹ skipped 0
ℹ todo 0
ℹ duration_ms 10680.292667
