✔ valid six-month CSV preserves original calculations, all category tabs and month selection (3094.295041ms)
✔ legacy nursing and master CSV sets retain original aggregation on synthetic rows (806.504042ms)
✔ reopening a fresh snapshot reflects file updates; UTF-8 and Shift_JIS produce identical values (1350.836ms)
✔ empty, unsupported and incomplete CSV show explicit missing data without demo or fabricated values (1808.68275ms)
✔ recognized malformed CSV is rejected atomically with its file name (2564.165125ms)
✔ legacy duplicate revision selection is order-independent and tied revisions stop (1527.055292ms)
✔ source metadata stays text and empty layouts fit a small screen (425.160917ms)
✔ read-only presentation keeps navigation and has no file picker, demo or saving UI (394.59475ms)
✔ browser storage is not used and dropping files cannot replace workbook source (354.871375ms)
✔ async source loading never flashes demo data and rejects export while pending (347.852625ms)
✔ zero observations remain zero; failed saves and external calls cannot mutate the snapshot (747.977041ms)
✔ integration starts from an empty edit session and original read-only screen (758.694333ms)
✔ invalid launch context blocks data export (348.72025ms)
ℹ tests 13
ℹ suites 0
ℹ pass 13
ℹ fail 0
ℹ cancelled 0
ℹ skipped 0
ℹ todo 0
ℹ duration_ms 15363.68575
