{
  "schemaVersion": 1,
  "requirementsVersion": 1,
  "kind": "browser",
  "status": "passed",
  "engineDigest": "d5517ce9bd7a99e7cba6f7959719ea9b965dde7eba56ea6ca634d04831f2213c",
  "appDigest": "66b1495d86d30786bb90d6b53b8d53d58b4b2ba074e6dc062be607d7ea821b30",
  "testHash": "21618c4b2b93a0b008cd86cbec7828366e604d795e5a0d740ffd8dce19bc2fde",
  "toolsDigest": "ee1f01516ac276ad14a734f165df247013e7f4e997024f1175f3c256939c6d6a",
  "recipeRevision": "2026-09-20T17-43-49-454Z-bf79d5",
  "startedAt": "2026-09-21T12:06:51.040Z",
  "completedAt": "2026-09-21T12:06:59.076Z",
  "platform": {
    "os": "darwin",
    "node": "v25.2.1"
  },
  "checks": [
    {
      "key": "businessFlow",
      "passed": true,
      "completedAt": "2026-09-21T12:06:52.982Z"
    },
    {
      "key": "roundTrip",
      "passed": true,
      "completedAt": "2026-09-21T12:06:53.613Z"
    },
    {
      "key": "firstUseAndEmpty",
      "passed": true,
      "completedAt": "2026-09-21T12:06:54.487Z"
    },
    {
      "key": "pendingInput",
      "passed": true,
      "completedAt": "2026-09-21T12:06:54.912Z"
    },
    {
      "key": "readOnly",
      "passed": true,
      "completedAt": "2026-09-21T12:06:55.210Z"
    },
    {
      "key": "persistence",
      "passed": true,
      "completedAt": "2026-09-21T12:06:55.542Z"
    },
    {
      "key": "asyncSafety",
      "passed": true,
      "completedAt": "2026-09-21T12:06:55.917Z"
    },
    {
      "key": "finishedMutations",
      "passed": true,
      "completedAt": "2026-09-21T12:06:56.270Z"
    }
  ],
  "problems": [],
  "log": "browser-2026-09-21T12-06-59-075Z-c96a8d.log"
}
