{
  "schemaVersion": 1,
  "requirementsVersion": 1,
  "kind": "browser",
  "status": "passed",
  "engineDigest": "d5517ce9bd7a99e7cba6f7959719ea9b965dde7eba56ea6ca634d04831f2213c",
  "appDigest": "f13e4992e402e415f58de0331f1e0c19c80c3dd8cbd6a7b689330ed7f90a5e5e",
  "testHash": "3b95109fb2ea1771ec55be693c29d7f2a27ee221388012f9fc792e50631f62d5",
  "toolsDigest": "ee1f01516ac276ad14a734f165df247013e7f4e997024f1175f3c256939c6d6a",
  "recipeRevision": "2026-09-20T17-56-38-888Z-2f3f7b",
  "startedAt": "2026-09-21T12:06:51.035Z",
  "completedAt": "2026-09-21T12:07:00.091Z",
  "platform": {
    "os": "darwin",
    "node": "v25.2.1"
  },
  "checks": [
    {
      "key": "businessFlow",
      "passed": true,
      "completedAt": "2026-09-21T12:06:53.697Z"
    },
    {
      "key": "roundTrip",
      "passed": true,
      "completedAt": "2026-09-21T12:06:54.271Z"
    },
    {
      "key": "firstUseAndEmpty",
      "passed": true,
      "completedAt": "2026-09-21T12:06:55.454Z"
    },
    {
      "key": "pendingInput",
      "passed": true,
      "completedAt": "2026-09-21T12:06:56.141Z"
    },
    {
      "key": "readOnly",
      "passed": true,
      "completedAt": "2026-09-21T12:06:56.481Z"
    },
    {
      "key": "persistence",
      "passed": true,
      "completedAt": "2026-09-21T12:06:56.869Z"
    },
    {
      "key": "asyncSafety",
      "passed": true,
      "completedAt": "2026-09-21T12:06:57.245Z"
    },
    {
      "key": "finishedMutations",
      "passed": true,
      "completedAt": "2026-09-21T12:06:57.624Z"
    }
  ],
  "problems": [],
  "log": "browser-2026-09-21T12-07-00-091Z-4d7007.log"
}
