
> excel-gate-mvp7-kit@0.7.0 test
> node --test tests/*.test.js

✔ normal buttons lead to the correct workbook action and retain author across intermediate saves (1337.609583ms)
✔ progress board: file launch, pending form, payload round trip and isolated UI (930.8795ms)
✔ progress board: read-only preserves filters and rejects WebMCP writes (335.136917ms)
✔ workflow studio: drawer draft cannot be lost, full document payload survives reopen (4890.7435ms)
✔ workflow studio: read-only blocks events and external APIs, retains document navigation (616.916ms)
✔ distribution opened outside Excel and corrupted saved data both stay blocked (458.022041ms)
✔ first-use viewing opens both apps without creating sample or editable data (457.870167ms)
✔ completed output blocks external mutation while preserving the exact downloaded snapshot (574.664792ms)
✔ progress board waits for asynchronous JSON import and checks permission at completion (266.102708ms)
✔ workflow FileReader tracks pending, failed and aborted reads and rejects delayed completion writes (286.141167ms)
✔ standalone originals and adapted pages retain business controls and standalone editing (972.311834ms)
✔ unreadable or malformed candidate ownership blocks older-file fallback (1.709958ms)
✔ only structurally valid JSON with a known foreign identity is ignored (0.173ms)
✔ databaseId length 0 cannot be classified as foreign (0.107625ms)
✔ databaseId length 7 cannot be classified as foreign (0.067625ms)
✔ databaseId length 101 cannot be classified as foreign (0.067041ms)
✔ sessionId length 0 cannot be classified as foreign (0.088834ms)
✔ sessionId length 7 cannot be classified as foreign (0.039125ms)
✔ sessionId length 101 cannot be classified as foreign (0.03475ms)
✔ candidate scanning stops on unknown ownership before returning any best path (0.136292ms)
✔ manual selection cannot bypass a broken scanned candidate (0.153834ms)
✔ candidate validation checks full current-session envelope before yielding metadata (0.109875ms)
✔ first use is distinct from every valid saved JSON value (1.467292ms)
✔ boot metadata and protocol mismatch fail closed (0.164ms)
✔ ready and asynchronous load complete before exporting (8.930125ms)
✔ assertEditable allows standalone and only the linked editing phase (0.448583ms)
✔ exportData may commit inputs, then snapshot freezes changes through download and restores on failure (0.749458ms)
✔ late browser restoration finishes before official payload replaces it, including saved empty data (0.582541ms)
✔ load failure and read-only failure do not expose editable state (0.187833ms)
✔ read-only is applied before asynchronous load and export is forbidden (0.088042ms)
✔ exceptions, cancellation, validation and download failures keep sequence and editor state (0.234792ms)
✔ snapshots detach data, retries reuse identical bytes and parent chain advances once (0.189792ms)
✔ concurrent export clicks cannot fork a sequence (0.108542ms)
✔ non-JSON data, cycles, oversized UTF-8 and dangerous filename characters (24.350375ms)
✔ CSV acceptance uses explicit CSV checks and does not demand workbook saving or edit locks (16.473417ms)
✔ source modes isolate receipts even for identical engine, workbook and app hashes (0.917416ms)
✔ every CSV-specific check is required, and a later failure supersedes previous passing evidence (8.358875ms)
✔ CSV site receipt binds the separately tested CSV source and requires its current UNC path (0.991833ms)
✔ CSV requirements versions remain independently enforceable and invalid modes fail closed (0.499292ms)
✔ record/status require a current CSV source for commissioning without modifying live workbook or source data (195.47275ms)
✔ CSV source configuration defaults to viewing without authors and rejects incompatible modes and reserved source assets (24.829417ms)
✔ packaged CSV transport is ordered before business code, immutable, empty at rest and mode-specific in identity (53.772333ms)
✔ release builder rejects workbook-mode evidence even when receipt byte identities are the exact CSV candidate (41.590625ms)
✔ CSV view hides all save controls while loading, shows escaped source metadata, preserves binary files and blocks direct export (1106.014958ms)
✔ empty snapshot renders data-none and malformed/missing source blocks initialization without save UI (938.831292ms)
✔ CSV mode is explicitly view-only, without a workbook payload, while existing contexts default to workbook (0.966ms)
✔ UTF-8 BOM, Shift_JIS, every byte, Japanese names and empty files arrive unchanged as native Files (2.970041ms)
✔ source bytes are detached from the launch manifest and metadata cannot be changed (0.2005ms)
✔ empty folder is a successful empty snapshot, not first-use workbook data (0.139458ms)
✔ read-only and readiness finish before one asynchronous source load, with exports blocked throughout (3.119958ms)
✔ missing source, malformed base64, inconsistent sizes, unsafe/duplicate names and limits fail before app initialization (1.309666ms)
✔ CSV transport is separate from the 10MiB workbook JSON payload limit (54.843083ms)
✔ missing callbacks, read-only failures and canceled/failed parsing remain blocked (0.346125ms)
✔ optional dataSource defaults only for absent key, and initialized mode is bound to metadata (0.973292ms)
✔ CSV initial setup obtains a UNC text path before mutating workbook; cancellation leaves setup untouched (0.493041ms)
✔ CSV launches use canonical readonly view with no payload or session writes and explicit Edge (0.361916ms)
✔ CSV panel excludes edit, save and history and opens/closes without stale session recovery (0.422209ms)
✔ direct edits, imports, restore and internal persistence are blocked in CSV mode (1.339667ms)
✔ reader bounds raw CSV files, enumerates only direct children and rechecks complete snapshot before publishing (0.694125ms)
✔ source bytes are binary readonly and base64 has bounded chunks, with separate runtime cleanup (0.311583ms)
✔ engine/app acceptance permits distribution while commissioning remains separate (14.757ms)
✔ common changes invalidate all tiers; app changes reuse common evidence; versions must match exactly (0.967542ms)
✔ browser-only, one-PC common, incomplete checks, stale master and later failures cannot pass target acceptance (8.203292ms)
✔ engine receipt is reusable for a second application without repeating common tests (0.279125ms)
✔ commissioning appends only receipts and accepts an initialized workbook without rehashing live data (51.731375ms)
✔ changed acceptance requirements invalidate the affected evidence independently of file hashes (2.60825ms)
✔ all reported PCs must explicitly use the target versions and heterogeneous software cannot pass (0.333958ms)
✔ UNC identity normalizes Windows case and aliases while local recorder paths remain local (0.600334ms)
✔ missing evidence and unset default versions remain visibly pending (2.225125ms)
✔ AI prepare snapshots exact source, derives title/ID and refuses duplicate or unfinished packaging (37.695417ms)
✔ updates retain app identity and archive adaptation/receipts, without touching source or operational data (16.430917ms)
✔ real browser verification honors no-author config but cannot pass without all business checks (3544.996917ms)
✔ prepared names cannot traverse paths and unresolved assets are reported (1.887583ms)
✔ browser receipts cannot approve changed source, tests or recipe (18.583334ms)
✔ ZIP keeps Japanese filenames and empty internal folders; rejects overwriting destination (49.353667ms)
✔ operator effort requires actual counts; missing measurements never become zero (3.51525ms)
✔ source configuration is minimal and assets are collected without a handwritten file list (33.970959ms)
✔ an unverified build cannot create a normal distribution folder (24.988833ms)
✔ starter preserves original files and unfinished adapters cannot be packaged (6.88825ms)
✔ distribution rejects traversal, aliases, collisions and incompatible runtime versions (0.390959ms)
✔ nested entry and assets preserve relative paths, and rebuild cannot overwrite a deployment (39.030917ms)
✔ identity follows semantic settings and runtime assets, and excludes operator documents (57.910167ms)
{"scope":"Mac Chrome file://; simulated boot only; no JUST Calc or shared-PC acceptance","runtimeSource":"/var/folders/y_/fnmfmm0x5gj3_43jsy4518180000gn/T/excel-gate-single-pc-Fl5Ay5/candidate/progress-board/runtime","browser":"153.0.8010.48","sourceHashes":{"excel-gate-boot.js":"dce495ac15e3cc1c8215531bd0eb195061dcc85943c87d5a84698cd80e27fe54","excel-gate-core.js":"ec5e1064f540d167aa8219af66b93428489d4baece4f5ef14ccf958fe6f1f702","excel-gate-source.js":"23f6be3fdce41cbf6d9f58cde52945bb3b670aff35342fcaf068eb5f6e564d38","excel-gate.js":"622a92a6d00a2ead9c9378348fc9045bc4f13af29c04f0f8e65dc7e844345a58","guide.html":"dd97b0deea8b3944d6a860447e553b49177448744d4d092ef69da1579c46bdcc","index.html":"3bc28a46a6cf3253c3fc91edd45310f529962585860e365198e89d5be3b6f1a1"}}
✔ candidate: three intermediate exports, intervening edits and replay retain the complete parent chain (1909.092208ms)
✔ candidate: Unicode, quotes, backslashes, multiline notes and HTML-like text survive UI input and a new-session round trip (1046.64ms)
✔ candidate: repeated view filters, keyboard detail navigation and guide access leave the full multi-project payload unchanged (2339.136042ms)
✔ candidate: invalid draft after an earlier export is retained, corrected and exported without consuming sequence numbers (834.5ms)
{"recordedAt":"2026-09-21T12:06:11.147Z","node":"v25.2.1","scope":"Pure JavaScript candidate controller; injected download failures; no JUST Calc/VBA or shared-PC acceptance","candidateMatchesWorkingSource":true,"checkedFiles":[{"path":"/Users/tama2025mini/work/エクセルゲート/MVP7th/shared/excel-gate.js","sha256":"622a92a6d00a2ead9c9378348fc9045bc4f13af29c04f0f8e65dc7e844345a58"},{"path":"/var/folders/y_/fnmfmm0x5gj3_43jsy4518180000gn/T/excel-gate-core-candidates-XduNOF/progress-board/runtime/excel-gate.js","sha256":"622a92a6d00a2ead9c9378348fc9045bc4f13af29c04f0f8e65dc7e844345a58"},{"path":"/var/folders/y_/fnmfmm0x5gj3_43jsy4518180000gn/T/excel-gate-core-candidates-XduNOF/workflow-studio/runtime/excel-gate.js","sha256":"622a92a6d00a2ead9c9378348fc9045bc4f13af29c04f0f8e65dc7e844345a58"},{"path":"/var/folders/y_/fnmfmm0x5gj3_43jsy4518180000gn/T/excel-gate-core-candidates-XduNOF/handoff-notes/runtime/excel-gate.js","sha256":"622a92a6d00a2ead9c9378348fc9045bc4f13af29c04f0f8e65dc7e844345a58"},{"path":"/Users/tama2025mini/work/エクセルゲート/MVP7th/shared/excel-gate-core.js","sha256":"ec5e1064f540d167aa8219af66b93428489d4baece4f5ef14ccf958fe6f1f702"},{"path":"/var/folders/y_/fnmfmm0x5gj3_43jsy4518180000gn/T/excel-gate-core-candidates-XduNOF/progress-board/runtime/excel-gate-core.js","sha256":"ec5e1064f540d167aa8219af66b93428489d4baece4f5ef14ccf958fe6f1f702"},{"path":"/var/folders/y_/fnmfmm0x5gj3_43jsy4518180000gn/T/excel-gate-core-candidates-XduNOF/workflow-studio/runtime/excel-gate-core.js","sha256":"ec5e1064f540d167aa8219af66b93428489d4baece4f5ef14ccf958fe6f1f702"},{"path":"/var/folders/y_/fnmfmm0x5gj3_43jsy4518180000gn/T/excel-gate-core-candidates-XduNOF/handoff-notes/runtime/excel-gate-core.js","sha256":"ec5e1064f540d167aa8219af66b93428489d4baece4f5ef14ccf958fe6f1f702"}]}
✔ candidate controller: failed replay after completion cannot reopen editing or replace the finalized snapshot (76.449541ms)
✔ candidate controller: failed next download keeps the previous replay and resumes its parent chain exactly once (0.314583ms)
✔ candidate controller: full UTF-8 file accepts exactly 10 MiB and rejects one byte more before download (77.36275ms)
✔ first-use storage requires consistent zero revision, length, CRC and data rows (0.638542ms)
✔ stored counts, lengths, revisions and indexes reject coercion and overflow (0.1815ms)
✔ stored payload verifies row extent, chunk lengths, total length and CRC (0.063834ms)
✔ Mac paste sources match reviewed VBA and exclude the character corrupted during assembly (8.300584ms)
✔ VBA import files are strict CP932 copies and string literals close (2.962084ms)
✔ PREPARED never overwrites the committed data or advances revision (0.208416ms)
✔ final save failure restores payload, metadata and history; cleanup follows persistence (0.160416ms)
✔ resume precedes old-session rejection and is canonical/write checked (0.215084ms)
✔ panel prioritizes PREPARED over success and only generic config appears in shared VBA (1.094292ms)
✔ old, foreign, duplicate and branch outputs remain rejected by the common importer (0.57025ms)
✔ history strings are stored as text before writing user-provided author names (0.192709ms)
✔ save commands enforce kind before both new commits and prepared retries (0.167833ms)
✔ successful final save closes only this workbook and resets close approval on failure (0.270584ms)
✔ automatic import and timer dependencies are absent; first-use panel exposes setup (1.054958ms)
✔ native source verifier rejects altered, extra and missing modules even with Python optimization (61.163167ms)
ℹ tests 104
ℹ suites 0
ℹ pass 104
ℹ fail 0
ℹ cancelled 0
ℹ skipped 0
ℹ todo 0
ℹ duration_ms 11491.921458
