✔ Mac paste sources match reviewed VBA and exclude the character corrupted during assembly (6.047959ms)
✔ VBA import files are strict CP932 copies and string literals close (3.732167ms)
✔ PREPARED never overwrites the committed data or advances revision (0.192083ms)
✔ final save failure restores payload, metadata and history; cleanup follows persistence (0.128125ms)
✔ resume precedes old-session rejection and is canonical/write checked (0.186292ms)
✔ panel prioritizes PREPARED over success and only generic config appears in shared VBA (0.540917ms)
✔ old, foreign, duplicate and branch outputs remain rejected by the common importer (0.289958ms)
✔ history strings are stored as text before writing user-provided author names (0.205875ms)
✔ save commands enforce kind before both new commits and prepared retries (0.140875ms)
✔ successful final save closes only this workbook and resets close approval on failure (0.254708ms)
✔ automatic import and timer dependencies are absent; first-use panel exposes setup (0.593708ms)
✔ native source verifier rejects altered, extra and missing modules even with Python optimization (53.785292ms)
ℹ tests 12
ℹ suites 0
ℹ pass 12
ℹ fail 0
ℹ cancelled 0
ℹ skipped 0
ℹ todo 0
ℹ duration_ms 130.675208
