{
  "schemaVersion": 1,
  "requirementsVersion": 1,
  "kind": "browser",
  "status": "passed",
  "engineDigest": "06747b32605ac82e8a3d56db3e55cf321ef5a5f616fcbb8c70357f1c8311409d",
  "appDigest": "272598c5c1ad983398a3447ab239e391bfacb7f50262887cad5a5d344b2f363d",
  "testHash": "d0e3c7aa40b675643c42b56f62b30b714741ee35f56f62257d2dd96a231dd65a",
  "toolsDigest": "65fe9f4ef1bf185e48d417f154b5e9f61e992ff9fd887af8c23e600e83fb6c07",
  "recipeRevision": "2026-09-22T13-46-36-128Z-caaeb2",
  "startedAt": "2026-09-22T14:44:35.430Z",
  "completedAt": "2026-09-22T14:44:52.325Z",
  "platform": {
    "os": "darwin",
    "node": "v25.2.1"
  },
  "checks": [
    {
      "key": "businessFlow",
      "passed": true,
      "completedAt": "2026-09-22T14:44:41.156Z"
    },
    {
      "key": "roundTrip",
      "passed": true,
      "completedAt": "2026-09-22T14:44:42.081Z"
    },
    {
      "key": "firstUseAndEmpty",
      "passed": true,
      "completedAt": "2026-09-22T14:44:44.864Z"
    },
    {
      "key": "pendingInput",
      "passed": true,
      "completedAt": "2026-09-22T14:44:45.791Z"
    },
    {
      "key": "readOnly",
      "passed": true,
      "completedAt": "2026-09-22T14:44:47.102Z"
    },
    {
      "key": "persistence",
      "passed": true,
      "completedAt": "2026-09-22T14:44:47.795Z"
    },
    {
      "key": "asyncSafety",
      "passed": true,
      "completedAt": "2026-09-22T14:44:49.054Z"
    },
    {
      "key": "finishedMutations",
      "passed": true,
      "completedAt": "2026-09-22T14:44:49.722Z"
    }
  ],
  "problems": [],
  "log": "browser-2026-09-22T14-44-52-325Z-4b1a69.log"
}
