✔ common named header and complete/intermediate save dialogs keep author and retry snapshot (1684.251917ms)
✔ arbitrary HTML characters stay literal in header and return-to-book guidance (818.206583ms)
✔ invalid boot and malformed data remain blocked; view retains search and forbids output (704.532417ms)
✔ unreadable or malformed candidate ownership blocks older-file fallback (0.727ms)
✔ only structurally valid JSON with a known foreign identity is ignored (0.096167ms)
✔ databaseId length 0 cannot be classified as foreign (0.094667ms)
✔ databaseId length 7 cannot be classified as foreign (0.038791ms)
✔ databaseId length 101 cannot be classified as foreign (0.050666ms)
✔ sessionId length 0 cannot be classified as foreign (0.070125ms)
✔ sessionId length 7 cannot be classified as foreign (0.031333ms)
✔ sessionId length 101 cannot be classified as foreign (0.029875ms)
✔ candidate scanning stops on unknown ownership before returning any best path (0.119334ms)
✔ manual selection cannot bypass a broken scanned candidate (0.132125ms)
✔ candidate validation checks full current-session envelope before yielding metadata (0.109334ms)
✔ first use is distinct from every valid saved JSON value (1.400833ms)
✔ boot metadata and protocol mismatch fail closed (0.158834ms)
✔ ready and asynchronous load complete before exporting (9.536959ms)
✔ assertEditable allows standalone and only the linked editing phase (0.480167ms)
✔ exportData may commit inputs, then snapshot freezes changes through download and restores on failure (5.100541ms)
✔ late browser restoration finishes before official payload replaces it, including saved empty data (0.345375ms)
✔ load failure and read-only failure do not expose editable state (0.132584ms)
✔ read-only is applied before asynchronous load and export is forbidden (0.104458ms)
✔ exceptions, cancellation, validation and download failures keep sequence and editor state (0.256625ms)
✔ snapshots detach data, retries reuse identical bytes and parent chain advances once (0.199083ms)
✔ concurrent export clicks cannot fork a sequence (0.104584ms)
✔ non-JSON data, cycles, oversized UTF-8 and dangerous filename characters (28.000708ms)
✔ CSV acceptance uses explicit CSV checks and does not demand workbook saving or edit locks (19.334834ms)
✔ source modes isolate receipts even for identical engine, workbook and app hashes (0.614542ms)
✔ every CSV-specific check is required, and a later failure supersedes previous passing evidence (16.486083ms)
✔ CSV site receipt binds the separately tested CSV source and requires its current absolute path (1.273792ms)
✔ CSV requirements versions remain independently enforceable and invalid modes fail closed (0.288458ms)
✔ record/status require a current CSV source for commissioning without modifying live workbook or source data (249.938583ms)
✔ CSV source configuration defaults to viewing without authors and rejects incompatible modes and reserved source assets (27.621375ms)
✔ packaged CSV transport is ordered before business code, immutable, empty at rest and mode-specific in identity (240.961458ms)
✔ release builder rejects workbook-mode evidence even when receipt byte identities are the exact CSV candidate (70.269167ms)
✔ CSV evidence normalizes the supported native local/UNC input cases (10.852333ms)
✔ local CSV evidence is accepted only for the tested absolute source path (3.297792ms)
✔ CSV view hides all save controls while loading, shows escaped source metadata, preserves binary files and blocks direct export (964.859167ms)
✔ empty snapshot renders data-none and malformed/missing source blocks initialization without save UI (1157.08475ms)
✔ CSV mode is explicitly view-only, without a workbook payload, while existing contexts default to workbook (2.117542ms)
✔ UTF-8 BOM, Shift_JIS, every byte, Japanese names and empty files arrive unchanged as native Files (7.909292ms)
✔ source bytes are detached from the launch manifest and metadata cannot be changed (0.232167ms)
✔ empty folder is a successful empty snapshot, not first-use workbook data (0.128458ms)
✔ read-only and readiness finish before one asynchronous source load, with exports blocked throughout (4.027083ms)
✔ missing source, malformed base64, inconsistent sizes, unsafe/duplicate names and limits fail before app initialization (2.106541ms)
✔ CSV transport is separate from the 10MiB workbook JSON payload limit (75.326292ms)
✔ missing callbacks, read-only failures and canceled/failed parsing remain blocked (0.348125ms)
✔ optional dataSource defaults only for absent key, and initialized mode is bound to metadata (1.652834ms)
✔ CSV initial setup obtains an absolute text path before mutating workbook; cancellation leaves setup untouched (1.145459ms)
✔ CSV launches use canonical readonly view with no payload or session writes and explicit Edge (0.717792ms)
✔ CSV panel excludes edit, save and history and opens/closes without stale session recovery (0.45625ms)
✔ direct edits, imports, restore and internal persistence are blocked in CSV mode (0.592833ms)
✔ reader bounds raw CSV files, enumerates only direct children and rechecks complete snapshot before publishing (0.663667ms)
✔ source bytes are binary readonly and base64 has bounded chunks, with separate runtime cleanup (0.597083ms)
✔ engine/app acceptance permits distribution while commissioning remains separate (11.01475ms)
✔ common changes invalidate all tiers; app changes reuse common evidence; versions must match exactly (0.429083ms)
✔ browser-only, one-PC common, incomplete checks, stale master and later failures cannot pass target acceptance (18.493167ms)
✔ engine receipt is reusable for a second application without repeating common tests (0.254917ms)
✔ commissioning appends only receipts and accepts an initialized workbook without rehashing live data (137.796459ms)
✔ changed acceptance requirements invalidate the affected evidence independently of file hashes (0.469417ms)
✔ all reported PCs must explicitly use the target versions and heterogeneous software cannot pass (0.847542ms)
✔ UNC identity normalizes Windows case and aliases while local recorder paths remain local (0.393125ms)
✔ missing evidence and unset default versions remain visibly pending (1.417917ms)
✔ AI prepare snapshots exact source, derives title/ID and refuses duplicate or unfinished packaging (49.85425ms)
✔ updates retain app identity and archive adaptation/receipts, without touching source or operational data (56.406625ms)
✔ real browser verification honors no-author config but cannot pass without all business checks (3490.802666ms)
✔ prepared names cannot traverse paths and unresolved assets are reported (1.942292ms)
✔ browser receipts cannot approve changed source, tests or recipe (15.922791ms)
✔ ZIP keeps Japanese filenames and empty internal folders; rejects overwriting destination (39.845542ms)
✔ operator effort requires actual counts; missing measurements never become zero (3.989542ms)
✔ source configuration is minimal and assets are collected without a handwritten file list (36.4205ms)
✔ an unverified build cannot create a normal distribution folder (74.816ms)
✔ starter preserves original files and unfinished adapters cannot be packaged (6.50275ms)
✔ distribution rejects traversal, aliases, collisions and incompatible runtime versions (0.3305ms)
✔ nested entry and assets preserve relative paths, and rebuild cannot overwrite a deployment (273.481417ms)
✔ identity follows semantic settings and runtime assets, and excludes operator documents (48.234542ms)
✔ Windows filename rules preserve the visible name, long Unicode and optional color (14.703625ms)
✔ ordinary integration generates arbitrary names, rechecks renamed HTML, keeps ID and user overrides (383.128667ms)
✔ generated native book has literal saved titles, local button, constant names and identical VBA (614.275333ms)
{"recordedAt":"2026-09-22T14:46:23.127Z","node":"v25.2.1","scope":"Pure JavaScript candidate controller; injected download failures; no JUST Calc/VBA or shared-PC acceptance","candidateMatchesWorkingSource":true,"checkedFiles":[{"path":"/Users/tama2025mini/work/エクセルゲート/MVP9th-startup-study/shared/excel-gate.js","sha256":"bc7bfb610873178cca87e063978c41563e2da59c65205da3b7a0b5819eded172"},{"path":"/var/folders/y_/fnmfmm0x5gj3_43jsy4518180000gn/T/excel-gate-core-candidates-iY6UiG/community-care/runtime/excel-gate.js","sha256":"bc7bfb610873178cca87e063978c41563e2da59c65205da3b7a0b5819eded172"},{"path":"/var/folders/y_/fnmfmm0x5gj3_43jsy4518180000gn/T/excel-gate-core-candidates-iY6UiG/handoff-notes/runtime/excel-gate.js","sha256":"bc7bfb610873178cca87e063978c41563e2da59c65205da3b7a0b5819eded172"},{"path":"/Users/tama2025mini/work/エクセルゲート/MVP9th-startup-study/shared/excel-gate-core.js","sha256":"ec5e1064f540d167aa8219af66b93428489d4baece4f5ef14ccf958fe6f1f702"},{"path":"/var/folders/y_/fnmfmm0x5gj3_43jsy4518180000gn/T/excel-gate-core-candidates-iY6UiG/community-care/runtime/excel-gate-core.js","sha256":"ec5e1064f540d167aa8219af66b93428489d4baece4f5ef14ccf958fe6f1f702"},{"path":"/var/folders/y_/fnmfmm0x5gj3_43jsy4518180000gn/T/excel-gate-core-candidates-iY6UiG/handoff-notes/runtime/excel-gate-core.js","sha256":"ec5e1064f540d167aa8219af66b93428489d4baece4f5ef14ccf958fe6f1f702"}]}
✔ candidate controller: failed replay after completion cannot reopen editing or replace the finalized snapshot (323.311583ms)
✔ candidate controller: failed next download keeps the previous replay and resumes its parent chain exactly once (0.372292ms)
✔ candidate controller: full UTF-8 file accepts exactly 10 MiB and rejects one byte more before download (87.7115ms)
✔ first-use storage requires consistent zero revision, length, CRC and data rows (0.678791ms)
✔ stored counts, lengths, revisions and indexes reject coercion and overflow (0.376542ms)
✔ stored payload verifies row extent, chunk lengths, total length and CRC (0.211292ms)
✔ Mac paste sources match reviewed VBA and exclude the character corrupted during assembly (10.870417ms)
✔ VBA import files are strict CP932 copies and string literals close (11.344209ms)
✔ PREPARED never overwrites the committed data or advances revision (0.228042ms)
✔ final save failure restores payload, metadata and history; cleanup follows persistence (0.2455ms)
✔ resume precedes old-session rejection and is canonical/write checked (0.224417ms)
✔ panel prioritizes PREPARED over success and only generic config appears in shared VBA (1.050542ms)
✔ old, foreign, duplicate and branch outputs remain rejected by the common importer (1.726417ms)
✔ history strings are stored as text before writing user-provided author names (0.625291ms)
✔ save commands enforce kind before both new commits and prepared retries (4.006291ms)
✔ successful final save closes only this workbook and resets close approval on failure (0.916625ms)
✔ automatic import and timer dependencies are absent; first-use panel exposes setup (1.231292ms)
✔ native source verifier rejects altered, extra and missing modules even with Python optimization (85.999208ms)
ℹ tests 97
ℹ suites 0
ℹ pass 97
ℹ fail 0
ℹ cancelled 0
ℹ skipped 0
ℹ todo 0
ℹ duration_ms 3772.266167
