✔ common named header and complete/intermediate save dialogs keep author and retry snapshot (1763.709834ms)
✔ arbitrary HTML characters stay literal in header and return-to-book guidance (712.572792ms)
✔ invalid boot and malformed data remain blocked; view retains search and forbids output (663.105958ms)
✔ unreadable or malformed candidate ownership blocks older-file fallback (0.690958ms)
✔ only structurally valid JSON with a known foreign identity is ignored (0.088833ms)
✔ databaseId length 0 cannot be classified as foreign (0.085959ms)
✔ databaseId length 7 cannot be classified as foreign (0.063333ms)
✔ databaseId length 101 cannot be classified as foreign (0.048875ms)
✔ sessionId length 0 cannot be classified as foreign (0.211042ms)
✔ sessionId length 7 cannot be classified as foreign (0.067ms)
✔ sessionId length 101 cannot be classified as foreign (0.048542ms)
✔ candidate scanning stops on unknown ownership before returning any best path (0.172833ms)
✔ manual selection cannot bypass a broken scanned candidate (0.13375ms)
✔ candidate validation checks full current-session envelope before yielding metadata (0.115625ms)
✔ first use is distinct from every valid saved JSON value (1.379625ms)
✔ boot metadata and protocol mismatch fail closed (0.142084ms)
✔ ready and asynchronous load complete before exporting (7.627375ms)
✔ assertEditable allows standalone and only the linked editing phase (0.478875ms)
✔ exportData may commit inputs, then snapshot freezes changes through download and restores on failure (0.640917ms)
✔ late browser restoration finishes before official payload replaces it, including saved empty data (0.428625ms)
✔ load failure and read-only failure do not expose editable state (0.162292ms)
✔ read-only is applied before asynchronous load and export is forbidden (0.110916ms)
✔ exceptions, cancellation, validation and download failures keep sequence and editor state (0.696042ms)
✔ snapshots detach data, retries reuse identical bytes and parent chain advances once (0.257917ms)
✔ concurrent export clicks cannot fork a sequence (0.131209ms)
✔ non-JSON data, cycles, oversized UTF-8 and dangerous filename characters (20.018875ms)
✔ CSV acceptance uses explicit CSV checks and does not demand workbook saving or edit locks (10.310459ms)
✔ source modes isolate receipts even for identical engine, workbook and app hashes (0.624125ms)
✔ every CSV-specific check is required, and a later failure supersedes previous passing evidence (13.176792ms)
✔ CSV site receipt binds the separately tested CSV source and requires its current absolute path (1.180917ms)
✔ CSV requirements versions remain independently enforceable and invalid modes fail closed (0.273458ms)
✔ record/status require a current CSV source for commissioning without modifying live workbook or source data (145.371167ms)
✔ CSV source configuration defaults to viewing without authors and rejects incompatible modes and reserved source assets (14.215292ms)
✔ packaged CSV transport is ordered before business code, immutable, empty at rest and mode-specific in identity (135.293708ms)
✔ release builder rejects workbook-mode evidence even when receipt byte identities are the exact CSV candidate (22.873125ms)
✔ CSV evidence normalizes the supported native local/UNC input cases (7.321458ms)
✔ local CSV evidence is accepted only for the tested absolute source path (2.815166ms)
✔ CSV view hides all save controls while loading, shows escaped source metadata, preserves binary files and blocks direct export (891.361625ms)
✔ empty snapshot renders data-none and malformed/missing source blocks initialization without save UI (1224.158666ms)
✔ CSV mode is explicitly view-only, without a workbook payload, while existing contexts default to workbook (0.99775ms)
✔ UTF-8 BOM, Shift_JIS, every byte, Japanese names and empty files arrive unchanged as native Files (3.857833ms)
✔ source bytes are detached from the launch manifest and metadata cannot be changed (0.245417ms)
✔ empty folder is a successful empty snapshot, not first-use workbook data (0.149042ms)
✔ read-only and readiness finish before one asynchronous source load, with exports blocked throughout (3.275042ms)
✔ missing source, malformed base64, inconsistent sizes, unsafe/duplicate names and limits fail before app initialization (0.808583ms)
✔ CSV transport is separate from the 10MiB workbook JSON payload limit (37.101458ms)
✔ missing callbacks, read-only failures and canceled/failed parsing remain blocked (0.366833ms)
✔ optional dataSource defaults only for absent key, and initialized mode is bound to metadata (0.985791ms)
✔ CSV initial setup obtains an absolute text path before mutating workbook; cancellation leaves setup untouched (0.310417ms)
✔ CSV launches use canonical readonly view with no payload or session writes and explicit Edge (0.284583ms)
✔ CSV panel excludes edit, save and history and opens/closes without stale session recovery (0.578166ms)
✔ direct edits, imports, restore and internal persistence are blocked in CSV mode (0.892334ms)
✔ reader bounds raw CSV files, enumerates only direct children and rechecks complete snapshot before publishing (0.364333ms)
✔ source bytes are binary readonly and base64 has bounded chunks, with separate runtime cleanup (0.433334ms)
✔ engine/app acceptance permits distribution while commissioning remains separate (9.787958ms)
✔ common changes invalidate all tiers; app changes reuse common evidence; versions must match exactly (0.72625ms)
✔ browser-only, one-PC common, incomplete checks, stale master and later failures cannot pass target acceptance (6.448542ms)
✔ engine receipt is reusable for a second application without repeating common tests (0.275208ms)
✔ commissioning appends only receipts and accepts an initialized workbook without rehashing live data (23.208292ms)
✔ changed acceptance requirements invalidate the affected evidence independently of file hashes (0.5145ms)
✔ all reported PCs must explicitly use the target versions and heterogeneous software cannot pass (0.242833ms)
✔ UNC identity normalizes Windows case and aliases while local recorder paths remain local (0.264625ms)
✔ missing evidence and unset default versions remain visibly pending (0.525708ms)
✔ AI prepare snapshots exact source, derives title/ID and refuses duplicate or unfinished packaging (17.367ms)
✔ updates retain app identity and archive adaptation/receipts, without touching source or operational data (6.82725ms)
✔ real browser verification honors no-author config but cannot pass without all business checks (3735.438917ms)
✔ prepared names cannot traverse paths and unresolved assets are reported (2.023292ms)
✔ browser receipts cannot approve changed source, tests or recipe (16.48425ms)
✔ ZIP keeps Japanese filenames and empty internal folders; rejects overwriting destination (39.369292ms)
✔ operator effort requires actual counts; missing measurements never become zero (4.283666ms)
✔ source configuration is minimal and assets are collected without a handwritten file list (14.599583ms)
✔ an unverified build cannot create a normal distribution folder (8.724583ms)
✔ starter preserves original files and unfinished adapters cannot be packaged (4.444833ms)
✔ distribution rejects traversal, aliases, collisions and incompatible runtime versions (0.262ms)
✔ nested entry and assets preserve relative paths, and rebuild cannot overwrite a deployment (171.813542ms)
✔ identity follows semantic settings and runtime assets, and excludes operator documents (16.006041ms)
✔ Windows filename rules preserve the visible name, long Unicode and optional color (4.478208ms)
✔ ordinary integration generates arbitrary names, rechecks renamed HTML, keeps ID and user overrides (203.806709ms)
✔ generated native book has literal saved titles, local button, constant names and identical VBA (485.335917ms)
{"recordedAt":"2026-09-21T14:53:45.234Z","node":"v25.2.1","scope":"Pure JavaScript candidate controller; injected download failures; no JUST Calc/VBA or shared-PC acceptance","candidateMatchesWorkingSource":true,"checkedFiles":[{"path":"/Users/tama2025mini/work/エクセルゲート/MVP8th/shared/excel-gate.js","sha256":"c7ee5c5d19d1da5858bad052c6c7c6fb287b4b056395e0adf34f47a507a2abd9"},{"path":"/var/folders/y_/fnmfmm0x5gj3_43jsy4518180000gn/T/excel-gate-core-candidates-RLV0xy/community-care/runtime/excel-gate.js","sha256":"c7ee5c5d19d1da5858bad052c6c7c6fb287b4b056395e0adf34f47a507a2abd9"},{"path":"/var/folders/y_/fnmfmm0x5gj3_43jsy4518180000gn/T/excel-gate-core-candidates-RLV0xy/handoff-notes/runtime/excel-gate.js","sha256":"c7ee5c5d19d1da5858bad052c6c7c6fb287b4b056395e0adf34f47a507a2abd9"},{"path":"/Users/tama2025mini/work/エクセルゲート/MVP8th/shared/excel-gate-core.js","sha256":"ec5e1064f540d167aa8219af66b93428489d4baece4f5ef14ccf958fe6f1f702"},{"path":"/var/folders/y_/fnmfmm0x5gj3_43jsy4518180000gn/T/excel-gate-core-candidates-RLV0xy/community-care/runtime/excel-gate-core.js","sha256":"ec5e1064f540d167aa8219af66b93428489d4baece4f5ef14ccf958fe6f1f702"},{"path":"/var/folders/y_/fnmfmm0x5gj3_43jsy4518180000gn/T/excel-gate-core-candidates-RLV0xy/handoff-notes/runtime/excel-gate-core.js","sha256":"ec5e1064f540d167aa8219af66b93428489d4baece4f5ef14ccf958fe6f1f702"}]}
✔ candidate controller: failed replay after completion cannot reopen editing or replace the finalized snapshot (186.032208ms)
✔ candidate controller: failed next download keeps the previous replay and resumes its parent chain exactly once (0.391791ms)
✔ candidate controller: full UTF-8 file accepts exactly 10 MiB and rejects one byte more before download (72.776208ms)
✔ first-use storage requires consistent zero revision, length, CRC and data rows (0.646917ms)
✔ stored counts, lengths, revisions and indexes reject coercion and overflow (0.192875ms)
✔ stored payload verifies row extent, chunk lengths, total length and CRC (0.078292ms)
✔ Mac paste sources match reviewed VBA and exclude the character corrupted during assembly (7.707291ms)
✔ VBA import files are strict CP932 copies and string literals close (3.250959ms)
✔ PREPARED never overwrites the committed data or advances revision (0.229459ms)
✔ final save failure restores payload, metadata and history; cleanup follows persistence (0.145666ms)
✔ resume precedes old-session rejection and is canonical/write checked (0.200125ms)
✔ panel prioritizes PREPARED over success and only generic config appears in shared VBA (0.536167ms)
✔ old, foreign, duplicate and branch outputs remain rejected by the common importer (0.242833ms)
✔ history strings are stored as text before writing user-provided author names (0.147375ms)
✔ save commands enforce kind before both new commits and prepared retries (0.170583ms)
✔ successful final save closes only this workbook and resets close approval on failure (0.250166ms)
✔ automatic import and timer dependencies are absent; first-use panel exposes setup (0.679917ms)
✔ native source verifier rejects altered, extra and missing modules even with Python optimization (55.513208ms)
ℹ tests 97
ℹ suites 0
ℹ pass 97
ℹ fail 0
ℹ cancelled 0
ℹ skipped 0
ℹ todo 0
ℹ duration_ms 12232.350042
