✔ normal buttons lead to the correct workbook action and retain author across intermediate saves (1616.307333ms)
✔ progress board: file launch, pending form, payload round trip and isolated UI (1144.429958ms)
✔ progress board: read-only preserves filters and rejects WebMCP writes (264.110583ms)
✔ workflow studio: drawer draft cannot be lost, full document payload survives reopen (4784.4205ms)
✔ workflow studio: read-only blocks events and external APIs, retains document navigation (521.635083ms)
✔ distribution opened outside Excel and corrupted saved data both stay blocked (359.481709ms)
✔ first-use viewing opens both apps without creating sample or editable data (333.485916ms)
✔ completed output blocks external mutation while preserving the exact downloaded snapshot (425.36025ms)
✔ progress board waits for asynchronous JSON import and checks permission at completion (190.991959ms)
✔ workflow FileReader tracks pending, failed and aborted reads and rejects delayed completion writes (216.370625ms)
✔ standalone originals and adapted pages retain business controls and standalone editing (674.230167ms)
✔ first use is distinct from every valid saved JSON value (1.45475ms)
✔ boot metadata and protocol mismatch fail closed (0.253292ms)
✔ ready and asynchronous load complete before exporting (4.664875ms)
✔ assertEditable allows standalone and only the linked editing phase (0.675209ms)
✔ exportData may commit inputs, then snapshot freezes changes through download and restores on failure (0.4865ms)
✔ late browser restoration finishes before official payload replaces it, including saved empty data (0.346ms)
✔ load failure and read-only failure do not expose editable state (0.142667ms)
✔ read-only is applied before asynchronous load and export is forbidden (0.105458ms)
✔ exceptions, cancellation, validation and download failures keep sequence and editor state (0.225708ms)
✔ snapshots detach data, retries reuse identical bytes and parent chain advances once (0.23025ms)
✔ concurrent export clicks cannot fork a sequence (0.232208ms)
✔ non-JSON data, cycles, oversized UTF-8 and dangerous filename characters (19.280292ms)
✔ engine/app acceptance permits distribution while commissioning remains separate (6.972292ms)
✔ common changes invalidate all tiers; app changes reuse common evidence; versions must match exactly (0.352083ms)
✔ browser-only, one-PC common, incomplete checks, stale master and later failures cannot pass target acceptance (12.453167ms)
✔ engine receipt is reusable for a second application without repeating common tests (0.303292ms)
✔ commissioning appends only receipts and accepts an initialized workbook without rehashing live data (31.40575ms)
✔ changed acceptance requirements invalidate the affected evidence independently of file hashes (0.402125ms)
✔ all reported PCs must explicitly use the target versions and heterogeneous software cannot pass (0.233083ms)
✔ UNC identity normalizes Windows case and aliases while local recorder paths remain local (0.250375ms)
✔ missing evidence and unset default versions remain visibly pending (0.633583ms)
✔ AI prepare snapshots exact source, derives title/ID and refuses duplicate or unfinished packaging (17.403834ms)
✔ updates retain app identity and archive adaptation/receipts, without touching source or operational data (16.377791ms)
✔ real browser verification honors no-author config but cannot pass without all business checks (4539.141333ms)
✔ prepared names cannot traverse paths and unresolved assets are reported (3.499875ms)
✔ browser receipts cannot approve changed source, tests or recipe (42.782875ms)
✔ ZIP keeps Japanese filenames and empty internal folders; rejects overwriting destination (60.8045ms)
✔ operator effort requires actual counts; missing measurements never become zero (12.557459ms)
✔ source configuration is minimal and assets are collected without a handwritten file list (11.666459ms)
✔ an unverified build cannot create a normal distribution folder (11.285583ms)
✔ starter preserves original files and unfinished adapters cannot be packaged (6.176084ms)
✔ distribution rejects traversal, aliases, collisions and incompatible runtime versions (0.3125ms)
✔ nested entry and assets preserve relative paths, and rebuild cannot overwrite a deployment (38.223042ms)
✔ identity follows semantic settings and runtime assets, and excludes operator documents (24.513166ms)
✔ Mac paste sources match reviewed VBA and exclude the character corrupted during assembly (4.534333ms)
✔ VBA import files are strict CP932 copies and string literals close (2.147208ms)
✔ PREPARED never overwrites the committed data or advances revision (0.497667ms)
✔ final save failure restores payload, metadata and history; cleanup follows persistence (0.162916ms)
✔ resume precedes old-session rejection and is canonical/write checked (0.201834ms)
✔ panel prioritizes PREPARED over success and only generic config appears in shared VBA (0.44725ms)
✔ old, foreign, duplicate and branch outputs remain rejected by the common importer (0.214208ms)
✔ history strings are stored as text before writing user-provided author names (0.134792ms)
✔ save commands enforce kind before both new commits and prepared retries (0.159875ms)
✔ successful final save closes only this workbook and resets close approval on failure (0.309958ms)
✔ automatic import and timer dependencies are absent; first-use panel exposes setup (0.470042ms)
✔ native source verifier rejects altered, extra and missing modules even with Python optimization (44.636958ms)
ℹ tests 57
ℹ suites 0
ℹ pass 57
ℹ fail 0
ℹ cancelled 0
ℹ skipped 0
ℹ todo 0
ℹ duration_ms 10763.870708
