{
  "schemaVersion": 1,
  "requirementsVersion": 1,
  "kind": "browser",
  "status": "passed",
  "engineDigest": "64a58eff2f2476afe746752a6971825f24798b8c4ac02e290e2f5f053dbc78fd",
  "appDigest": "412883e98eebe09e1300153dc3ee5b8480e4fd5b7c63f59dd61b14f89c1161a7",
  "testHash": "3b95109fb2ea1771ec55be693c29d7f2a27ee221388012f9fc792e50631f62d5",
  "toolsDigest": "ee1f01516ac276ad14a734f165df247013e7f4e997024f1175f3c256939c6d6a",
  "recipeRevision": "2026-09-20T17-56-38-888Z-2f3f7b",
  "startedAt": "2026-09-21T13:31:34.154Z",
  "completedAt": "2026-09-21T13:31:43.583Z",
  "platform": {
    "os": "darwin",
    "node": "v25.2.1"
  },
  "checks": [
    {
      "key": "businessFlow",
      "passed": true,
      "completedAt": "2026-09-21T13:31:36.622Z"
    },
    {
      "key": "roundTrip",
      "passed": true,
      "completedAt": "2026-09-21T13:31:37.242Z"
    },
    {
      "key": "firstUseAndEmpty",
      "passed": true,
      "completedAt": "2026-09-21T13:31:38.482Z"
    },
    {
      "key": "pendingInput",
      "passed": true,
      "completedAt": "2026-09-21T13:31:39.017Z"
    },
    {
      "key": "readOnly",
      "passed": true,
      "completedAt": "2026-09-21T13:31:39.382Z"
    },
    {
      "key": "persistence",
      "passed": true,
      "completedAt": "2026-09-21T13:31:39.882Z"
    },
    {
      "key": "asyncSafety",
      "passed": true,
      "completedAt": "2026-09-21T13:31:40.194Z"
    },
    {
      "key": "finishedMutations",
      "passed": true,
      "completedAt": "2026-09-21T13:31:40.628Z"
    }
  ],
  "problems": [],
  "log": "browser-2026-09-21T13-31-43-582Z-e31bd8.log"
}
