
> excel-gate-mvp7-kit@0.7.1 test
> node --test tests/*.test.js

✔ normal buttons lead to the correct workbook action and retain author across intermediate saves (1698.500167ms)
✔ progress board: file launch, pending form, payload round trip and isolated UI (1170.759375ms)
✔ progress board: read-only preserves filters and rejects WebMCP writes (400.500459ms)
✔ workflow studio: drawer draft cannot be lost, full document payload survives reopen (5023.084875ms)
✔ workflow studio: read-only blocks events and external APIs, retains document navigation (879.490625ms)
✔ distribution opened outside Excel and corrupted saved data both stay blocked (746.64ms)
✔ first-use viewing opens both apps without creating sample or editable data (711.961291ms)
✔ completed output blocks external mutation while preserving the exact downloaded snapshot (789.504208ms)
✔ progress board waits for asynchronous JSON import and checks permission at completion (383.229166ms)
✔ workflow FileReader tracks pending, failed and aborted reads and rejects delayed completion writes (356.74075ms)
✔ standalone originals and adapted pages retain business controls and standalone editing (1479.104666ms)
✔ unreadable or malformed candidate ownership blocks older-file fallback (0.738833ms)
✔ only structurally valid JSON with a known foreign identity is ignored (0.107375ms)
✔ databaseId length 0 cannot be classified as foreign (0.14875ms)
✔ databaseId length 7 cannot be classified as foreign (0.050166ms)
✔ databaseId length 101 cannot be classified as foreign (0.05575ms)
✔ sessionId length 0 cannot be classified as foreign (0.063042ms)
✔ sessionId length 7 cannot be classified as foreign (0.030542ms)
✔ sessionId length 101 cannot be classified as foreign (0.028625ms)
✔ candidate scanning stops on unknown ownership before returning any best path (0.105042ms)
✔ manual selection cannot bypass a broken scanned candidate (0.112916ms)
✔ candidate validation checks full current-session envelope before yielding metadata (0.106542ms)
✔ first use is distinct from every valid saved JSON value (2.090917ms)
✔ boot metadata and protocol mismatch fail closed (0.168459ms)
✔ ready and asynchronous load complete before exporting (9.656083ms)
✔ assertEditable allows standalone and only the linked editing phase (0.407417ms)
✔ exportData may commit inputs, then snapshot freezes changes through download and restores on failure (1.66375ms)
✔ late browser restoration finishes before official payload replaces it, including saved empty data (0.3355ms)
✔ load failure and read-only failure do not expose editable state (0.116125ms)
✔ read-only is applied before asynchronous load and export is forbidden (0.089625ms)
✔ exceptions, cancellation, validation and download failures keep sequence and editor state (0.268083ms)
✔ snapshots detach data, retries reuse identical bytes and parent chain advances once (0.329334ms)
✔ concurrent export clicks cannot fork a sequence (0.166ms)
✔ non-JSON data, cycles, oversized UTF-8 and dangerous filename characters (24.007166ms)
✔ CSV acceptance uses explicit CSV checks and does not demand workbook saving or edit locks (17.697ms)
✔ source modes isolate receipts even for identical engine, workbook and app hashes (0.624833ms)
✔ every CSV-specific check is required, and a later failure supersedes previous passing evidence (10.852208ms)
✔ CSV site receipt binds the separately tested CSV source and requires its current absolute path (1.464292ms)
✔ CSV requirements versions remain independently enforceable and invalid modes fail closed (0.300333ms)
✔ record/status require a current CSV source for commissioning without modifying live workbook or source data (206.852208ms)
✔ CSV source configuration defaults to viewing without authors and rejects incompatible modes and reserved source assets (30.153625ms)
✔ packaged CSV transport is ordered before business code, immutable, empty at rest and mode-specific in identity (67.705417ms)
✔ release builder rejects workbook-mode evidence even when receipt byte identities are the exact CSV candidate (25.759208ms)
✔ CSV evidence normalizes the supported native local/UNC input cases (12.400458ms)
✔ local CSV evidence is accepted only for the tested absolute source path (5.943625ms)
✔ CSV view hides all save controls while loading, shows escaped source metadata, preserves binary files and blocks direct export (1390.130458ms)
✔ empty snapshot renders data-none and malformed/missing source blocks initialization without save UI (1306.818959ms)
✔ CSV mode is explicitly view-only, without a workbook payload, while existing contexts default to workbook (1.008875ms)
✔ UTF-8 BOM, Shift_JIS, every byte, Japanese names and empty files arrive unchanged as native Files (4.957917ms)
✔ source bytes are detached from the launch manifest and metadata cannot be changed (0.222667ms)
✔ empty folder is a successful empty snapshot, not first-use workbook data (0.128167ms)
✔ read-only and readiness finish before one asynchronous source load, with exports blocked throughout (4.218292ms)
✔ missing source, malformed base64, inconsistent sizes, unsafe/duplicate names and limits fail before app initialization (1.60625ms)
✔ CSV transport is separate from the 10MiB workbook JSON payload limit (48.268375ms)
✔ missing callbacks, read-only failures and canceled/failed parsing remain blocked (0.358ms)
✔ optional dataSource defaults only for absent key, and initialized mode is bound to metadata (0.862458ms)
✔ CSV initial setup obtains an absolute text path before mutating workbook; cancellation leaves setup untouched (0.286542ms)
✔ CSV launches use canonical readonly view with no payload or session writes and explicit Edge (0.26725ms)
✔ CSV panel excludes edit, save and history and opens/closes without stale session recovery (0.214ms)
✔ direct edits, imports, restore and internal persistence are blocked in CSV mode (0.443ms)
✔ reader bounds raw CSV files, enumerates only direct children and rechecks complete snapshot before publishing (0.263333ms)
✔ source bytes are binary readonly and base64 has bounded chunks, with separate runtime cleanup (0.244375ms)
✔ engine/app acceptance permits distribution while commissioning remains separate (15.827292ms)
✔ common changes invalidate all tiers; app changes reuse common evidence; versions must match exactly (0.447333ms)
✔ browser-only, one-PC common, incomplete checks, stale master and later failures cannot pass target acceptance (8.223542ms)
✔ engine receipt is reusable for a second application without repeating common tests (0.268ms)
✔ commissioning appends only receipts and accepts an initialized workbook without rehashing live data (55.84725ms)
✔ changed acceptance requirements invalidate the affected evidence independently of file hashes (0.98325ms)
✔ all reported PCs must explicitly use the target versions and heterogeneous software cannot pass (0.932292ms)
✔ UNC identity normalizes Windows case and aliases while local recorder paths remain local (0.778125ms)
✔ missing evidence and unset default versions remain visibly pending (1.169916ms)
✔ AI prepare snapshots exact source, derives title/ID and refuses duplicate or unfinished packaging (42.253459ms)
✔ updates retain app identity and archive adaptation/receipts, without touching source or operational data (21.405084ms)
✔ real browser verification honors no-author config but cannot pass without all business checks (4039.76125ms)
✔ prepared names cannot traverse paths and unresolved assets are reported (1.85175ms)
✔ browser receipts cannot approve changed source, tests or recipe (19.041667ms)
✔ ZIP keeps Japanese filenames and empty internal folders; rejects overwriting destination (51.087167ms)
✔ operator effort requires actual counts; missing measurements never become zero (4.332333ms)
✔ source configuration is minimal and assets are collected without a handwritten file list (49.869333ms)
✔ an unverified build cannot create a normal distribution folder (11.782833ms)
✔ starter preserves original files and unfinished adapters cannot be packaged (10.569166ms)
✔ distribution rejects traversal, aliases, collisions and incompatible runtime versions (0.400834ms)
✔ nested entry and assets preserve relative paths, and rebuild cannot overwrite a deployment (58.2105ms)
✔ identity follows semantic settings and runtime assets, and excludes operator documents (48.659916ms)
{"scope":"Mac Chrome file://; simulated boot only; no JUST Calc or shared-PC acceptance","runtimeSource":"/var/folders/y_/fnmfmm0x5gj3_43jsy4518180000gn/T/excel-gate-single-pc-kmykUF/candidate/progress-board/runtime","browser":"153.0.8010.48","sourceHashes":{"excel-gate-boot.js":"dce495ac15e3cc1c8215531bd0eb195061dcc85943c87d5a84698cd80e27fe54","excel-gate-core.js":"ec5e1064f540d167aa8219af66b93428489d4baece4f5ef14ccf958fe6f1f702","excel-gate-source.js":"23f6be3fdce41cbf6d9f58cde52945bb3b670aff35342fcaf068eb5f6e564d38","excel-gate.js":"58d5b8819a76724a26240dcde2a95aa2644d8040d1dade534774474b362cc33a","guide.html":"dd97b0deea8b3944d6a860447e553b49177448744d4d092ef69da1579c46bdcc","index.html":"3bc28a46a6cf3253c3fc91edd45310f529962585860e365198e89d5be3b6f1a1"}}
✔ candidate: three intermediate exports, intervening edits and replay retain the complete parent chain (2163.813125ms)
✔ candidate: Unicode, quotes, backslashes, multiline notes and HTML-like text survive UI input and a new-session round trip (1296.892375ms)
✔ candidate: repeated view filters, keyboard detail navigation and guide access leave the full multi-project payload unchanged (2428.849375ms)
✔ candidate: invalid draft after an earlier export is retained, corrected and exported without consuming sequence numbers (949.156292ms)
{"recordedAt":"2026-09-21T13:30:31.460Z","node":"v25.2.1","scope":"Pure JavaScript candidate controller; injected download failures; no JUST Calc/VBA or shared-PC acceptance","candidateMatchesWorkingSource":true,"checkedFiles":[{"path":"/Users/tama2025mini/work/エクセルゲート/MVP7th/shared/excel-gate.js","sha256":"58d5b8819a76724a26240dcde2a95aa2644d8040d1dade534774474b362cc33a"},{"path":"/var/folders/y_/fnmfmm0x5gj3_43jsy4518180000gn/T/excel-gate-core-candidates-EbJ411/progress-board/runtime/excel-gate.js","sha256":"58d5b8819a76724a26240dcde2a95aa2644d8040d1dade534774474b362cc33a"},{"path":"/var/folders/y_/fnmfmm0x5gj3_43jsy4518180000gn/T/excel-gate-core-candidates-EbJ411/workflow-studio/runtime/excel-gate.js","sha256":"58d5b8819a76724a26240dcde2a95aa2644d8040d1dade534774474b362cc33a"},{"path":"/var/folders/y_/fnmfmm0x5gj3_43jsy4518180000gn/T/excel-gate-core-candidates-EbJ411/handoff-notes/runtime/excel-gate.js","sha256":"58d5b8819a76724a26240dcde2a95aa2644d8040d1dade534774474b362cc33a"},{"path":"/Users/tama2025mini/work/エクセルゲート/MVP7th/shared/excel-gate-core.js","sha256":"ec5e1064f540d167aa8219af66b93428489d4baece4f5ef14ccf958fe6f1f702"},{"path":"/var/folders/y_/fnmfmm0x5gj3_43jsy4518180000gn/T/excel-gate-core-candidates-EbJ411/progress-board/runtime/excel-gate-core.js","sha256":"ec5e1064f540d167aa8219af66b93428489d4baece4f5ef14ccf958fe6f1f702"},{"path":"/var/folders/y_/fnmfmm0x5gj3_43jsy4518180000gn/T/excel-gate-core-candidates-EbJ411/workflow-studio/runtime/excel-gate-core.js","sha256":"ec5e1064f540d167aa8219af66b93428489d4baece4f5ef14ccf958fe6f1f702"},{"path":"/var/folders/y_/fnmfmm0x5gj3_43jsy4518180000gn/T/excel-gate-core-candidates-EbJ411/handoff-notes/runtime/excel-gate-core.js","sha256":"ec5e1064f540d167aa8219af66b93428489d4baece4f5ef14ccf958fe6f1f702"}]}
✔ candidate controller: failed replay after completion cannot reopen editing or replace the finalized snapshot (112.302041ms)
✔ candidate controller: failed next download keeps the previous replay and resumes its parent chain exactly once (0.346875ms)
✔ candidate controller: full UTF-8 file accepts exactly 10 MiB and rejects one byte more before download (75.858583ms)
✔ first-use storage requires consistent zero revision, length, CRC and data rows (0.700917ms)
✔ stored counts, lengths, revisions and indexes reject coercion and overflow (0.2035ms)
✔ stored payload verifies row extent, chunk lengths, total length and CRC (0.074792ms)
✔ Mac paste sources match reviewed VBA and exclude the character corrupted during assembly (7.680375ms)
✔ VBA import files are strict CP932 copies and string literals close (2.863875ms)
✔ PREPARED never overwrites the committed data or advances revision (0.409417ms)
✔ final save failure restores payload, metadata and history; cleanup follows persistence (0.215125ms)
✔ resume precedes old-session rejection and is canonical/write checked (0.358333ms)
✔ panel prioritizes PREPARED over success and only generic config appears in shared VBA (0.894792ms)
✔ old, foreign, duplicate and branch outputs remain rejected by the common importer (0.311208ms)
✔ history strings are stored as text before writing user-provided author names (0.173625ms)
✔ save commands enforce kind before both new commits and prepared retries (0.16525ms)
✔ successful final save closes only this workbook and resets close approval on failure (0.39525ms)
✔ automatic import and timer dependencies are absent; first-use panel exposes setup (0.710042ms)
✔ native source verifier rejects altered, extra and missing modules even with Python optimization (84.322875ms)
ℹ tests 106
ℹ suites 0
ℹ pass 106
ℹ fail 0
ℹ cancelled 0
ℹ skipped 0
ℹ todo 0
ℹ duration_ms 14058.676458
